[0.010s] Invoking command in '/home/emmm/Desktop/rm/ROS2/learn/chapter3/service_ws/build/add_service': /usr/bin/cmake --build /home/emmm/Desktop/rm/ROS2/learn/chapter3/service_ws/build/add_service -- -j12 -l12
[0.029s] -- Found ament_cmake: 1.3.12 (/opt/ros/humble/share/ament_cmake/cmake)
[0.131s] -- Found rclcpp: 16.0.17 (/opt/ros/humble/share/rclcpp/cmake)
[0.154s] -- Found rosidl_generator_c: 3.1.8 (/opt/ros/humble/share/rosidl_generator_c/cmake)
[0.155s] -- Found rosidl_adapter: 3.1.8 (/opt/ros/humble/share/rosidl_adapter/cmake)
[0.161s] -- Found rosidl_generator_cpp: 3.1.8 (/opt/ros/humble/share/rosidl_generator_cpp/cmake)
[0.167s] -- Using all available rosidl_typesupport_c: rosidl_typesupport_fastrtps_c;rosidl_typesupport_introspection_c
[0.175s] -- Using all available rosidl_typesupport_cpp: rosidl_typesupport_fastrtps_cpp;rosidl_typesupport_introspection_cpp
[0.203s] -- Found rmw_implementation_cmake: 6.1.2 (/opt/ros/humble/share/rmw_implementation_cmake/cmake)
[0.205s] -- Found rmw_fastrtps_cpp: 6.2.9 (/opt/ros/humble/share/rmw_fastrtps_cpp/cmake)
[0.284s] -- Using RMW implementation 'rmw_fastrtps_cpp' as default
[0.318s] -- Found example_interfaces: 0.9.3 (/opt/ros/humble/share/example_interfaces/cmake)
[0.351s] -- Found ament_lint_auto: 0.12.14 (/opt/ros/humble/share/ament_lint_auto/cmake)
[0.387s] Error parsing '/home/emmm/Desktop/rm/ROS2/learn/chapter3/service_ws/src/add_service/package.xml':
[0.420s] Traceback (most recent call last):
[0.420s]   File "/usr/lib/python3/dist-packages/catkin_pkg/package.py", line 610, in parse_package_string
[0.420s]     root = dom.parseString(data)
[0.420s]   File "/usr/lib/python3.10/xml/dom/minidom.py", line 2000, in parseString
[0.421s]     return expatbuilder.parseString(string)
[0.421s]   File "/usr/lib/python3.10/xml/dom/expatbuilder.py", line 925, in parseString
[0.421s]     return builder.parseString(string)
[0.421s]   File "/usr/lib/python3.10/xml/dom/expatbuilder.py", line 223, in parseString
[0.421s]     parser.Parse(string, True)
[0.421s] xml.parsers.expat.ExpatError: mismatched tag: line 14, column 31
[0.421s] 
[0.421s] During handling of the above exception, another exception occurred:
[0.421s] 
[0.422s] Traceback (most recent call last):
[0.422s]   File "/opt/ros/humble/share/ament_cmake_core/cmake/core/package_xml_2_cmake.py", line 150, in <module>
[0.422s]     main()
[0.422s]   File "/opt/ros/humble/share/ament_cmake_core/cmake/core/package_xml_2_cmake.py", line 53, in main
[0.422s]     raise e
[0.422s]   File "/opt/ros/humble/share/ament_cmake_core/cmake/core/package_xml_2_cmake.py", line 49, in main
[0.422s]     package = parse_package_string(
[0.422s]   File "/usr/lib/python3/dist-packages/catkin_pkg/package.py", line 612, in parse_package_string
[0.422s]     raise InvalidPackage('The manifest contains invalid XML:\n%s' % ex, filename)
[0.422s] catkin_pkg.package.InvalidPackage: Error(s) in package '/home/emmm/Desktop/rm/ROS2/learn/chapter3/service_ws/src/add_service/package.xml':
[0.422s] The manifest contains invalid XML:
[0.422s] mismatched tag: line 14, column 31
[0.434s] [31mCMake Error at /opt/ros/humble/share/ament_cmake_core/cmake/core/ament_package_xml.cmake:95 (message):
[0.434s]   execute_process(/usr/bin/python3
[0.434s]   /opt/ros/humble/share/ament_cmake_core/cmake/core/package_xml_2_cmake.py
[0.434s]   /home/emmm/Desktop/rm/ROS2/learn/chapter3/service_ws/src/add_service/package.xml
[0.434s]   /home/emmm/Desktop/rm/ROS2/learn/chapter3/service_ws/build/add_service/ament_cmake_core/package.cmake)
[0.435s]   returned error code 1
[0.435s] Call Stack (most recent call first):
[0.435s]   /opt/ros/humble/share/ament_cmake_core/cmake/core/ament_package_xml.cmake:49 (_ament_package_xml)
[0.435s]   /opt/ros/humble/share/ament_lint_auto/cmake/ament_lint_auto_find_test_dependencies.cmake:31 (ament_package_xml)
[0.435s]   CMakeLists.txt:29 (ament_lint_auto_find_test_dependencies)
[0.435s] 
[0.435s] [0m
[0.435s] -- Configuring incomplete, errors occurred!
[0.435s] See also "/home/emmm/Desktop/rm/ROS2/learn/chapter3/service_ws/build/add_service/CMakeFiles/CMakeOutput.log".
[0.440s] gmake: *** [Makefile:308: cmake_check_build_system] Error 1
[0.442s] Invoked command in '/home/emmm/Desktop/rm/ROS2/learn/chapter3/service_ws/build/add_service' returned '2': /usr/bin/cmake --build /home/emmm/Desktop/rm/ROS2/learn/chapter3/service_ws/build/add_service -- -j12 -l12
