[0.000000] (-) TimerEvent: {}
[0.000218] (-) JobUnselected: {'identifier': 'demo_service'}
[0.000259] (-) JobUnselected: {'identifier': 'service_interfaces'}
[0.000510] (add_service) JobQueued: {'identifier': 'add_service', 'dependencies': OrderedDict()}
[0.000551] (add_service) JobStarted: {'identifier': 'add_service'}
[0.006097] (add_service) JobProgress: {'identifier': 'add_service', 'progress': 'cmake'}
[0.006892] (add_service) JobProgress: {'identifier': 'add_service', 'progress': 'build'}
[0.007804] (add_service) Command: {'cmd': ['/usr/bin/cmake', '--build', '/home/emmm/Desktop/rm/ROS2/learn/chapter3/service_ws/build/add_service', '--', '-j12', '-l12'], 'cwd': '/home/emmm/Desktop/rm/ROS2/learn/chapter3/service_ws/build/add_service', 'env': OrderedDict([('GJS_DEBUG_TOPICS', 'JS ERROR;JS LOG'), ('LC_TIME', 'zh_CN.UTF-8'), ('USER', 'emmm'), ('LANGUAGE', 'en_US:en'), ('XDG_SESSION_TYPE', 'wayland'), ('GIT_ASKPASS', '/usr/share/code/resources/app/extensions/git/dist/askpass.sh'), ('SHLVL', '1'), ('LD_LIBRARY_PATH', '/home/emmm/Desktop/rm/ROS2/learn/chapter3/service_ws/install/service_interfaces/lib:/opt/ros/humble/opt/rviz_ogre_vendor/lib:/opt/ros/humble/lib/x86_64-linux-gnu:/opt/ros/humble/lib'), ('HOME', '/home/emmm'), ('OLDPWD', '/home/emmm/Desktop/rm/ROS2/learn/chapter3/service_ws/src'), ('CHROME_DESKTOP', 'code-url-handler.desktop'), ('LESS', '-R'), ('CONDA_SHLVL', '0'), ('DESKTOP_SESSION', 'ubuntu'), ('TERM_PROGRAM_VERSION', '1.86.2'), ('GIO_LAUNCHED_DESKTOP_FILE', '/usr/share/applications/code.desktop'), ('ZSH', '/home/emmm/.oh-my-zsh'), ('LSCOLORS', 'Gxfxcxdxbxegedabagacad'), ('GTK_MODULES', 'gail:atk-bridge'), ('GNOME_SHELL_SESSION_MODE', 'ubuntu'), ('PAGER', 'less'), ('ROS_PYTHON_VERSION', '3'), ('VSCODE_GIT_ASKPASS_MAIN', '/usr/share/code/resources/app/extensions/git/dist/askpass-main.js'), ('LC_MONETARY', 'zh_CN.UTF-8'), ('MANAGERPID', '1677'), ('VSCODE_GIT_ASKPASS_NODE', '/usr/share/code/code'), ('SYSTEMD_EXEC_PID', '1834'), ('DBUS_SESSION_BUS_ADDRESS', 'unix:path=/run/user/1000/bus'), ('GIO_LAUNCHED_DESKTOP_FILE_PID', '5352'), ('_CE_M', ''), ('_CONDA_ROOT', '/home/emmm/miniconda3'), ('COLORTERM', 'truecolor'), ('WAYLAND_DISPLAY', 'wayland-0'), ('ROS_DISTRO', 'humble'), ('COLCON_PREFIX_PATH', '/home/emmm/Desktop/rm/ROS2/learn/chapter3/service_ws/install'), ('LOGNAME', 'emmm'), ('_', '/usr/bin/colcon'), ('JOURNAL_STREAM', '8:9181'), ('XDG_SESSION_CLASS', 'user'), ('ROS_VERSION', '2'), ('USER_ZDOTDIR', '/home/emmm'), ('USERNAME', 'emmm'), ('TERM', 'xterm-256color'), ('GNOME_DESKTOP_SESSION_ID', 'this-is-deprecated'), ('_CE_CONDA', ''), ('ROS_LOCALHOST_ONLY', '0'), ('PATH', '/opt/ros/humble/bin:/home/emmm/miniconda3/condabin:/usr/local/sbin:/usr/local/bin:/usr/sbin:/usr/bin:/sbin:/bin:/usr/games:/usr/local/games:/snap/bin:/snap/bin'), ('PAPERSIZE', 'a4'), ('SESSION_MANAGER', 'local/emmm:@/tmp/.ICE-unix/1805,unix/emmm:/tmp/.ICE-unix/1805'), ('INVOCATION_ID', '6b69cfccffb5478a9fc9e15de4f41069'), ('LC_ADDRESS', 'zh_CN.UTF-8'), ('XDG_RUNTIME_DIR', '/run/user/1000'), ('XDG_MENU_PREFIX', 'gnome-'), ('GNOME_SETUP_DISPLAY', ':1'), ('GDK_BACKEND', 'x11'), ('DISPLAY', ':0'), ('LANG', 'en_US.UTF-8'), ('LC_TELEPHONE', 'zh_CN.UTF-8'), ('XDG_CURRENT_DESKTOP', 'Unity'), ('VSCODE_INJECTION', '1'), ('XDG_SESSION_DESKTOP', 'ubuntu'), ('XMODIFIERS', '@im=ibus'), ('XAUTHORITY', '/run/user/1000/.mutter-Xwaylandauth.DQ34J3'), ('LS_COLORS', 'rs=0:di=01;34:ln=01;36:mh=00:pi=40;33:so=01;35:do=01;35:bd=40;33;01:cd=40;33;01:or=40;31;01:mi=00:su=37;41:sg=30;43:ca=30;41:tw=30;42:ow=34;42:st=37;44:ex=01;32:*.tar=01;31:*.tgz=01;31:*.arc=01;31:*.arj=01;31:*.taz=01;31:*.lha=01;31:*.lz4=01;31:*.lzh=01;31:*.lzma=01;31:*.tlz=01;31:*.txz=01;31:*.tzo=01;31:*.t7z=01;31:*.zip=01;31:*.z=01;31:*.dz=01;31:*.gz=01;31:*.lrz=01;31:*.lz=01;31:*.lzo=01;31:*.xz=01;31:*.zst=01;31:*.tzst=01;31:*.bz2=01;31:*.bz=01;31:*.tbz=01;31:*.tbz2=01;31:*.tz=01;31:*.deb=01;31:*.rpm=01;31:*.jar=01;31:*.war=01;31:*.ear=01;31:*.sar=01;31:*.rar=01;31:*.alz=01;31:*.ace=01;31:*.zoo=01;31:*.cpio=01;31:*.7z=01;31:*.rz=01;31:*.cab=01;31:*.wim=01;31:*.swm=01;31:*.dwm=01;31:*.esd=01;31:*.jpg=01;35:*.jpeg=01;35:*.mjpg=01;35:*.mjpeg=01;35:*.gif=01;35:*.bmp=01;35:*.pbm=01;35:*.pgm=01;35:*.ppm=01;35:*.tga=01;35:*.xbm=01;35:*.xpm=01;35:*.tif=01;35:*.tiff=01;35:*.png=01;35:*.svg=01;35:*.svgz=01;35:*.mng=01;35:*.pcx=01;35:*.mov=01;35:*.mpg=01;35:*.mpeg=01;35:*.m2v=01;35:*.mkv=01;35:*.webm=01;35:*.webp=01;35:*.ogm=01;35:*.mp4=01;35:*.m4v=01;35:*.mp4v=01;35:*.vob=01;35:*.qt=01;35:*.nuv=01;35:*.wmv=01;35:*.asf=01;35:*.rm=01;35:*.rmvb=01;35:*.flc=01;35:*.avi=01;35:*.fli=01;35:*.flv=01;35:*.gl=01;35:*.dl=01;35:*.xcf=01;35:*.xwd=01;35:*.yuv=01;35:*.cgm=01;35:*.emf=01;35:*.ogv=01;35:*.ogx=01;35:*.aac=00;36:*.au=00;36:*.flac=00;36:*.m4a=00;36:*.mid=00;36:*.midi=00;36:*.mka=00;36:*.mp3=00;36:*.mpc=00;36:*.ogg=00;36:*.ra=00;36:*.wav=00;36:*.oga=00;36:*.opus=00;36:*.spx=00;36:*.xspf=00;36:'), ('TERM_PROGRAM', 'vscode'), ('VSCODE_GIT_IPC_HANDLE', '/run/user/1000/vscode-git-14979a839a.sock'), ('SSH_AGENT_LAUNCHER', 'gnome-keyring'), ('SSH_AUTH_SOCK', '/run/user/1000/keyring/ssh'), ('ORIGINAL_XDG_CURRENT_DESKTOP', 'ubuntu:GNOME'), ('CONDA_PYTHON_EXE', '/home/emmm/miniconda3/bin/python'), ('AMENT_PREFIX_PATH', '/home/emmm/Desktop/rm/ROS2/learn/chapter3/service_ws/install/demo_service:/home/emmm/Desktop/rm/ROS2/learn/chapter3/service_ws/install/service_interfaces:/home/emmm/Desktop/rm/ROS2/learn/chapter3/service_ws/install/add_service:/opt/ros/humble'), ('LC_NAME', 'zh_CN.UTF-8'), ('SHELL', '/bin/zsh'), ('QT_ACCESSIBILITY', '1'), ('GDMSESSION', 'ubuntu'), ('LC_MEASUREMENT', 'zh_CN.UTF-8'), ('LC_IDENTIFICATION', 'zh_CN.UTF-8'), ('GJS_DEBUG_OUTPUT', 'stderr'), ('_CONDA_EXE', '/home/emmm/miniconda3/bin/conda'), ('QT_IM_MODULE', 'ibus'), ('VSCODE_GIT_ASKPASS_EXTRA_ARGS', ''), ('PWD', '/home/emmm/Desktop/rm/ROS2/learn/chapter3/service_ws/build/add_service'), ('XDG_DATA_DIRS', '/usr/local/share/:/usr/share/:/var/lib/snapd/desktop'), ('CONDA_EXE', '/home/emmm/miniconda3/bin/conda'), ('ZDOTDIR', '/home/emmm'), ('LC_NUMERIC', 'zh_CN.UTF-8'), ('PYTHONPATH', '/home/emmm/Desktop/rm/ROS2/learn/chapter3/service_ws/install/service_interfaces/local/lib/python3.10/dist-packages:/opt/ros/humble/lib/python3.10/site-packages:/opt/ros/humble/local/lib/python3.10/dist-packages'), ('LC_PAPER', 'zh_CN.UTF-8'), ('COLCON', '1'), ('CMAKE_PREFIX_PATH', '/home/emmm/Desktop/rm/ROS2/learn/chapter3/service_ws/install/demo_service:/home/emmm/Desktop/rm/ROS2/learn/chapter3/service_ws/install/service_interfaces:/home/emmm/Desktop/rm/ROS2/learn/chapter3/service_ws/install/add_service')]), 'shell': False}
[0.029340] (add_service) StdoutLine: {'line': b'-- Found ament_cmake: 1.3.12 (/opt/ros/humble/share/ament_cmake/cmake)\n'}
[0.099609] (-) TimerEvent: {}
[0.131525] (add_service) StdoutLine: {'line': b'-- Found rclcpp: 16.0.17 (/opt/ros/humble/share/rclcpp/cmake)\n'}
[0.154336] (add_service) StdoutLine: {'line': b'-- Found rosidl_generator_c: 3.1.8 (/opt/ros/humble/share/rosidl_generator_c/cmake)\n'}
[0.155813] (add_service) StdoutLine: {'line': b'-- Found rosidl_adapter: 3.1.8 (/opt/ros/humble/share/rosidl_adapter/cmake)\n'}
[0.161417] (add_service) StdoutLine: {'line': b'-- Found rosidl_generator_cpp: 3.1.8 (/opt/ros/humble/share/rosidl_generator_cpp/cmake)\n'}
[0.167579] (add_service) StdoutLine: {'line': b'-- Using all available rosidl_typesupport_c: rosidl_typesupport_fastrtps_c;rosidl_typesupport_introspection_c\n'}
[0.175696] (add_service) StdoutLine: {'line': b'-- Using all available rosidl_typesupport_cpp: rosidl_typesupport_fastrtps_cpp;rosidl_typesupport_introspection_cpp\n'}
[0.199833] (-) TimerEvent: {}
[0.203764] (add_service) StdoutLine: {'line': b'-- Found rmw_implementation_cmake: 6.1.2 (/opt/ros/humble/share/rmw_implementation_cmake/cmake)\n'}
[0.205294] (add_service) StdoutLine: {'line': b'-- Found rmw_fastrtps_cpp: 6.2.9 (/opt/ros/humble/share/rmw_fastrtps_cpp/cmake)\n'}
[0.284151] (add_service) StdoutLine: {'line': b"-- Using RMW implementation 'rmw_fastrtps_cpp' as default\n"}
[0.300058] (-) TimerEvent: {}
[0.318173] (add_service) StdoutLine: {'line': b'-- Found example_interfaces: 0.9.3 (/opt/ros/humble/share/example_interfaces/cmake)\n'}
[0.351041] (add_service) StdoutLine: {'line': b'-- Found ament_lint_auto: 0.12.14 (/opt/ros/humble/share/ament_lint_auto/cmake)\n'}
[0.387093] (add_service) StderrLine: {'line': b"Error parsing '/home/emmm/Desktop/rm/ROS2/learn/chapter3/service_ws/src/add_service/package.xml':\n"}
[0.400167] (-) TimerEvent: {}
[0.420464] (add_service) StderrLine: {'line': b'Traceback (most recent call last):\n'}
[0.420667] (add_service) StderrLine: {'line': b'  File "/usr/lib/python3/dist-packages/catkin_pkg/package.py", line 610, in parse_package_string\n'}
[0.420769] (add_service) StderrLine: {'line': b'    root = dom.parseString(data)\n'}
[0.420863] (add_service) StderrLine: {'line': b'  File "/usr/lib/python3.10/xml/dom/minidom.py", line 2000, in parseString\n'}
[0.421135] (add_service) StderrLine: {'line': b'    return expatbuilder.parseString(string)\n'}
[0.421281] (add_service) StderrLine: {'line': b'  File "/usr/lib/python3.10/xml/dom/expatbuilder.py", line 925, in parseString\n'}
[0.421383] (add_service) StderrLine: {'line': b'    return builder.parseString(string)\n'}
[0.421473] (add_service) StderrLine: {'line': b'  File "/usr/lib/python3.10/xml/dom/expatbuilder.py", line 223, in parseString\n'}
[0.421563] (add_service) StderrLine: {'line': b'    parser.Parse(string, True)\n'}
[0.421652] (add_service) StderrLine: {'line': b'xml.parsers.expat.ExpatError: mismatched tag: line 14, column 31\n'}
[0.421738] (add_service) StderrLine: {'line': b'\n'}
[0.421822] (add_service) StderrLine: {'line': b'During handling of the above exception, another exception occurred:\n'}
[0.421907] (add_service) StderrLine: {'line': b'\n'}
[0.421991] (add_service) StderrLine: {'line': b'Traceback (most recent call last):\n'}
[0.422097] (add_service) StderrLine: {'line': b'  File "/opt/ros/humble/share/ament_cmake_core/cmake/core/package_xml_2_cmake.py", line 150, in <module>\n'}
[0.422190] (add_service) StderrLine: {'line': b'    main()\n'}
[0.422278] (add_service) StderrLine: {'line': b'  File "/opt/ros/humble/share/ament_cmake_core/cmake/core/package_xml_2_cmake.py", line 53, in main\n'}
[0.422362] (add_service) StderrLine: {'line': b'    raise e\n'}
[0.422447] (add_service) StderrLine: {'line': b'  File "/opt/ros/humble/share/ament_cmake_core/cmake/core/package_xml_2_cmake.py", line 49, in main\n'}
[0.422534] (add_service) StderrLine: {'line': b'    package = parse_package_string(\n'}
[0.422617] (add_service) StderrLine: {'line': b'  File "/usr/lib/python3/dist-packages/catkin_pkg/package.py", line 612, in parse_package_string\n'}
[0.422707] (add_service) StderrLine: {'line': b"    raise InvalidPackage('The manifest contains invalid XML:\\n%s' % ex, filename)\n"}
[0.422791] (add_service) StderrLine: {'line': b"catkin_pkg.package.InvalidPackage: Error(s) in package '/home/emmm/Desktop/rm/ROS2/learn/chapter3/service_ws/src/add_service/package.xml':\n"}
[0.422876] (add_service) StderrLine: {'line': b'The manifest contains invalid XML:\n'}
[0.422961] (add_service) StderrLine: {'line': b'mismatched tag: line 14, column 31\n'}
[0.434453] (add_service) StderrLine: {'line': b'\x1b[31mCMake Error at /opt/ros/humble/share/ament_cmake_core/cmake/core/ament_package_xml.cmake:95 (message):\n'}
[0.434710] (add_service) StderrLine: {'line': b'  execute_process(/usr/bin/python3\n'}
[0.434810] (add_service) StderrLine: {'line': b'  /opt/ros/humble/share/ament_cmake_core/cmake/core/package_xml_2_cmake.py\n'}
[0.434896] (add_service) StderrLine: {'line': b'  /home/emmm/Desktop/rm/ROS2/learn/chapter3/service_ws/src/add_service/package.xml\n'}
[0.434979] (add_service) StderrLine: {'line': b'  /home/emmm/Desktop/rm/ROS2/learn/chapter3/service_ws/build/add_service/ament_cmake_core/package.cmake)\n'}
[0.435076] (add_service) StderrLine: {'line': b'  returned error code 1\n'}
[0.435295] (add_service) StderrLine: {'line': b'Call Stack (most recent call first):\n'}
[0.435357] (add_service) StderrLine: {'line': b'  /opt/ros/humble/share/ament_cmake_core/cmake/core/ament_package_xml.cmake:49 (_ament_package_xml)\n'}
[0.435392] (add_service) StderrLine: {'line': b'  /opt/ros/humble/share/ament_lint_auto/cmake/ament_lint_auto_find_test_dependencies.cmake:31 (ament_package_xml)\n'}
[0.435432] (add_service) StderrLine: {'line': b'  CMakeLists.txt:29 (ament_lint_auto_find_test_dependencies)\n'}
[0.435461] (add_service) StderrLine: {'line': b'\n'}
[0.435491] (add_service) StderrLine: {'line': b'\x1b[0m\n'}
[0.435520] (add_service) StdoutLine: {'line': b'-- Configuring incomplete, errors occurred!\n'}
[0.435561] (add_service) StdoutLine: {'line': b'See also "/home/emmm/Desktop/rm/ROS2/learn/chapter3/service_ws/build/add_service/CMakeFiles/CMakeOutput.log".\n'}
[0.440378] (add_service) StderrLine: {'line': b'gmake: *** [Makefile:308: cmake_check_build_system] Error 1\n'}
[0.442036] (add_service) CommandEnded: {'returncode': 2}
[0.442323] (add_service) JobEnded: {'identifier': 'add_service', 'rc': 2}
[0.452624] (-) EventReactorShutdown: {}
